5R1, 6L1, 7L1, BD1, BL1, BD1, AD2, 3L1, XD2, 1L1, 2R2, XU1, XL1, BU1, 6R2, AD2, 4R1, XD2, XL1, 2R1, 3R1, BU2, BL1, BU1, BL1, 4R1, XU1, XR1, XU1, XR1, 4L1, XD2, XL1, AU2, 6L2, 7R2, XD5