8R1, ED1, HD1, 5R1, BD1, BL1, AD1, 1R2, CL1, AU2, AL1, 1L1, XD1, HU5, 6R1, 7R1, BD1, BL1, CD1, CR1, 4R1, XD2, BU1, CD1, 4R1, ED1, 6L1, XD5