6R2, 7R1, 8L2, HD3, 3L1, 4R2, 5R2, XD3, HU1, HL1, HU2, HR1, 6L1, 8R2, XD5